Creating test database for alias 'default' ('test_news_db')...

Found 8 test(s).
Operations to perform:
  Synchronize unmigrated apps: messages, rest_framework, staticfiles
  Apply all migrations: accounts, admin, auth, authtoken, contenttypes, news, sessions
Synchronizing apps without migrations:
  Creating tables...
    Running deferred SQL...
Running migrations:
  Applying contenttypes.0001_initial... OK
  Applying contenttypes.0002_remove_content_type_name... OK
  Applying auth.0001_initial... OK
  Applying auth.0002_alter_permission_name_max_length... OK
  Applying auth.0003_alter_user_email_max_length... OK
  Applying auth.0004_alter_user_username_opts... OK
  Applying auth.0005_alter_user_last_login_null... OK
  Applying auth.0006_require_contenttypes_0002... OK
  Applying auth.0007_alter_validators_add_error_messages... OK
  Applying auth.0008_alter_user_username_max_length... OK
  Applying auth.0009_alter_user_last_name_max_length... OK
  Applying auth.0010_alter_group_name_max_length... OK
  Applying auth.0011_update_proxy_permissions... OK
  Applying auth.0012_alter_user_first_name_max_length... OK
  Applying accounts.0001_initial... OK
  Applying news.0001_initial... OK
  Applying accounts.0002_initial... OK
  Applying accounts.0003_customuser_journalist_subscriptions... OK
  Applying admin.0001_initial... OK
  Applying admin.0002_logentry_remove_auto_add... OK
  Applying admin.0003_logentry_add_action_flag_choices... OK
  Applying authtoken.0001_initial... OK
  Applying authtoken.0002_auto_20160226_1747... OK
  Applying authtoken.0003_tokenproxy... OK
  Applying authtoken.0004_alter_tokenproxy_options... OK
  Applying news.0002_journalistsubscription... OK
  Applying news.0003_alter_journalistsubscription_options_and_more... OK
  Applying news.0004_journalistsubscription_active... OK
  Applying news.0005_articlesubscription_delete_journalistsubscription... OK
  Applying news.0006_rename_is_approved_article_approved_and_more... OK
  Applying news.0007_initial_data... OK
test_all_articles_endpoint (news.tests.test_api.ReaderSubscriptionAPITest.test_all_articles_endpoint) ... ok
test_article_detail (news.tests.test_api.ReaderSubscriptionAPITest.test_article_detail) ... ok
test_editor_can_delete_article (news.tests.test_api.ReaderSubscriptionAPITest.test_editor_can_delete_article) ... ok
test_editor_can_update_article (news.tests.test_api.ReaderSubscriptionAPITest.test_editor_can_update_article) ... FAIL
test_journalist_can_create_article (news.tests.test_api.ReaderSubscriptionAPITest.test_journalist_can_create_article) ... ok
test_non_reader_is_forbidden (news.tests.test_api.ReaderSubscriptionAPITest.test_non_reader_is_forbidden) ... ok
test_reader_cannot_create_article (news.tests.test_api.ReaderSubscriptionAPITest.test_reader_cannot_create_article) ... ok
test_reader_gets_only_subscribed_approved_articles (news.tests.test_api.ReaderSubscriptionAPITest.test_reader_gets_only_subscribed_approved_articles) ... ok

======================================================================
FAIL: test_editor_can_update_article (news.tests.test_api.ReaderSubscriptionAPITest.test_editor_can_update_article)
----------------------------------------------------------------------
Traceback (most recent call last):
  File "C:\Users\sehlo\news_capstone_corrected\news\tests\test_api.py", line 100, in test_editor_can_update_article
    self.assertEqual(response.status_code, 200)
AssertionError: 400 != 200

----------------------------------------------------------------------
Ran 8 tests in 35.505s

FAILED (failures=1)
Destroying test database for alias 'default' ('test_news_db')...

  Applying sessions.0001_initial... OK
System check identified no issues (0 silenced).
